[17:58:54] Starting Appalachian Blacksmith dialogue generation (7 lines)...
[17:59:02] [OK] Generated: mapVillageForgeIntroductionSpeech.wav (328846 bytes)
[17:59:11] [WAIT] 429 Rate limit for mapVillageForgeIntroductionSpeechNoMoreToSell.wav, waiting 12s (attempt 1/6)...
[17:59:23] [WAIT] 429 Rate limit for mapVillageForgeIntroductionSpeechNoMoreToSell.wav, waiting 24s (attempt 2/6)...
[17:59:48] [WAIT] 429 Rate limit for mapVillageForgeIntroductionSpeechNoMoreToSell.wav, waiting 36s (attempt 3/6)...
[18:00:24] [WAIT] 429 Rate limit for mapVillageForgeIntroductionSpeechNoMoreToSell.wav, waiting 48s (attempt 4/6)...
[18:01:12] [WAIT] 429 Rate limit for mapVillageForgeIntroductionSpeechNoMoreToSell.wav, waiting 60s (attempt 5/6)...
[18:02:13] [WAIT] 429 Rate limit for mapVillageForgeIntroductionSpeechNoMoreToSell.wav, waiting 72s (attempt 6/6)...
[18:03:25] [WARN] Failed to synthesize mapVillageForgeIntroductionSpeechNoMoreToSell.wav
[18:03:33] [WAIT] 429 Rate limit for mapVillageForgeBuyWoodenSwordSpeech.wav, waiting 12s (attempt 1/6)...
[18:03:46] [WAIT] 429 Rate limit for mapVillageForgeBuyWoodenSwordSpeech.wav, waiting 24s (attempt 2/6)...
[18:04:10] [WAIT] 429 Rate limit for mapVillageForgeBuyWoodenSwordSpeech.wav, waiting 36s (attempt 3/6)...
[18:04:47] [WAIT] 429 Rate limit for mapVillageForgeBuyWoodenSwordSpeech.wav, waiting 48s (attempt 4/6)...
[18:05:35] [WAIT] 429 Rate limit for mapVillageForgeBuyWoodenSwordSpeech.wav, waiting 60s (attempt 5/6)...
[18:06:36] [WAIT] 429 Rate limit for mapVillageForgeBuyWoodenSwordSpeech.wav, waiting 72s (attempt 6/6)...
[18:07:48] [WARN] Failed to synthesize mapVillageForgeBuyWoodenSwordSpeech.wav
[18:07:56] [WAIT] 429 Rate limit for mapVillageForgeBuyIronAxeSpeech.wav, waiting 12s (attempt 1/6)...
[18:08:09] [WAIT] 429 Rate limit for mapVillageForgeBuyIronAxeSpeech.wav, waiting 24s (attempt 2/6)...
[18:08:33] [WAIT] 429 Rate limit for mapVillageForgeBuyIronAxeSpeech.wav, waiting 36s (attempt 3/6)...
[18:09:09] [WAIT] 429 Rate limit for mapVillageForgeBuyIronAxeSpeech.wav, waiting 48s (attempt 4/6)...
[18:09:58] [WAIT] 429 Rate limit for mapVillageForgeBuyIronAxeSpeech.wav, waiting 60s (attempt 5/6)...
[18:10:04] Starting Appalachian Blacksmith dialogue generation (7 lines)...
[18:10:04] [EXISTS] mapVillageForgeIntroductionSpeech.wav already synthesized (328890 bytes)
[18:10:12] [WAIT] 429 Rate limit for mapVillageForgeIntroductionSpeechNoMoreToSell.wav, waiting 49.7s (attempt 1/12)...
[18:10:58] [WAIT] 429 Rate limit for mapVillageForgeBuyIronAxeSpeech.wav, waiting 72s (attempt 6/6)...
[18:11:02] [WAIT] 429 Rate limit for mapVillageForgeIntroductionSpeechNoMoreToSell.wav, waiting 59.7s (attempt 2/12)...
[18:12:02] [WAIT] 429 Rate limit for mapVillageForgeIntroductionSpeechNoMoreToSell.wav, waiting 59.6s (attempt 3/12)...
[18:12:10] [WARN] Failed to synthesize mapVillageForgeBuyIronAxeSpeech.wav
[18:12:19] [WAIT] 429 Rate limit for mapVillageForgeBuyPolishedSilverSwordSpeech.wav, waiting 12s (attempt 1/6)...
[18:12:31] [WAIT] 429 Rate limit for mapVillageForgeBuyPolishedSilverSwordSpeech.wav, waiting 24s (attempt 2/6)...
[18:12:56] [WAIT] 429 Rate limit for mapVillageForgeBuyPolishedSilverSwordSpeech.wav, waiting 36s (attempt 3/6)...
[18:13:02] [WAIT] 429 Rate limit for mapVillageForgeIntroductionSpeechNoMoreToSell.wav, waiting 59.5s (attempt 4/12)...
[18:13:32] [WAIT] 429 Rate limit for mapVillageForgeBuyPolishedSilverSwordSpeech.wav, waiting 48s (attempt 4/6)...
[18:14:02] [WAIT] 429 Rate limit for mapVillageForgeIntroductionSpeechNoMoreToSell.wav, waiting 59.7s (attempt 5/12)...
[18:14:21] [WAIT] 429 Rate limit for mapVillageForgeBuyPolishedSilverSwordSpeech.wav, waiting 60s (attempt 5/6)...
[18:15:03] [WAIT] 429 Rate limit for mapVillageForgeIntroductionSpeechNoMoreToSell.wav, waiting 59.6s (attempt 6/12)...
[18:15:52] [OK] Generated: mapVillageForgeBuyPolishedSilverSwordSpeech.wav (349966 bytes)
[18:16:01] [WAIT] 429 Rate limit for mapVillageForgeBuyLightweightBodyArmourSpeech.wav, waiting 12s (attempt 1/6)...
[18:16:03] [WAIT] 429 Rate limit for mapVillageForgeIntroductionSpeechNoMoreToSell.wav, waiting 59.3s (attempt 7/12)...
[18:16:13] [WAIT] 429 Rate limit for mapVillageForgeBuyLightweightBodyArmourSpeech.wav, waiting 24s (attempt 2/6)...
[18:16:37] [WAIT] 429 Rate limit for mapVillageForgeBuyLightweightBodyArmourSpeech.wav, waiting 36s (attempt 3/6)...
[18:17:02] [WAIT] 429 Rate limit for mapVillageForgeIntroductionSpeechNoMoreToSell.wav, waiting 59.7s (attempt 8/12)...
[18:17:14] [WAIT] 429 Rate limit for mapVillageForgeBuyLightweightBodyArmourSpeech.wav, waiting 48s (attempt 4/6)...
[18:18:02] [WAIT] 429 Rate limit for mapVillageForgeBuyLightweightBodyArmourSpeech.wav, waiting 60s (attempt 5/6)...
[18:18:03] [WAIT] 429 Rate limit for mapVillageForgeIntroductionSpeechNoMoreToSell.wav, waiting 59.4s (attempt 9/12)...
[18:19:02] [WAIT] 429 Rate limit for mapVillageForgeIntroductionSpeechNoMoreToSell.wav, waiting 59.7s (attempt 10/12)...
[18:19:02] [WAIT] 429 Rate limit for mapVillageForgeBuyLightweightBodyArmourSpeech.wav, waiting 72s (attempt 6/6)...
[18:20:03] [WAIT] 429 Rate limit for mapVillageForgeIntroductionSpeechNoMoreToSell.wav, waiting 59.5s (attempt 11/12)...
[18:20:14] [WARN] Failed to synthesize mapVillageForgeBuyLightweightBodyArmourSpeech.wav
[18:20:23] [WAIT] 429 Rate limit for mapVillageForgeBuyScytheSpeech.wav, waiting 12s (attempt 1/6)...
[18:20:35] [WAIT] 429 Rate limit for mapVillageForgeBuyScytheSpeech.wav, waiting 24s (attempt 2/6)...
[18:21:00] [WAIT] 429 Rate limit for mapVillageForgeBuyScytheSpeech.wav, waiting 36s (attempt 3/6)...
[18:21:02] [WAIT] 429 Rate limit for mapVillageForgeIntroductionSpeechNoMoreToSell.wav, waiting 59.6s (attempt 12/12)...
[18:21:36] [WAIT] 429 Rate limit for mapVillageForgeBuyScytheSpeech.wav, waiting 48s (attempt 4/6)...
[18:22:02] [WARN] Failed to synthesize mapVillageForgeIntroductionSpeechNoMoreToSell.wav
[18:22:11] [WAIT] 429 Rate limit for mapVillageForgeBuyWoodenSwordSpeech.wav, waiting 51.5s (attempt 1/12)...
[18:22:24] [WAIT] 429 Rate limit for mapVillageForgeBuyScytheSpeech.wav, waiting 60s (attempt 5/6)...
[18:23:02] [WAIT] 429 Rate limit for mapVillageForgeBuyWoodenSwordSpeech.wav, waiting 59.6s (attempt 2/12)...
[18:23:25] [WAIT] 429 Rate limit for mapVillageForgeBuyScytheSpeech.wav, waiting 72s (attempt 6/6)...
[18:24:02] [WAIT] 429 Rate limit for mapVillageForgeBuyWoodenSwordSpeech.wav, waiting 59.6s (attempt 3/12)...
[18:24:37] [WARN] Failed to synthesize mapVillageForgeBuyScytheSpeech.wav
[18:24:37] Blacksmith voice generation finished!
